Archive member included to satisfy reference by file (symbol)

/home/trex/gcc-arm-none-eabi-9-2020-q2-update/bin/../lib/gcc/arm-none-eabi/9.3.1/thumb/v7-m/nofp/libgcc.a(_arm_addsubdf3.o)
                              main.o (__aeabi_ui2d)
/home/trex/gcc-arm-none-eabi-9-2020-q2-update/bin/../lib/gcc/arm-none-eabi/9.3.1/thumb/v7-m/nofp/libgcc.a(_arm_fixdfsi.o)
                              main.o (__aeabi_d2iz)
/home/trex/gcc-arm-none-eabi-9-2020-q2-update/bin/../lib/gcc/arm-none-eabi/9.3.1/../../../../arm-none-eabi/lib/thumb/v7-m/nofp/libg_nano.a(lib_a-exit.o)
                              /home/trex/gcc-arm-none-eabi-9-2020-q2-update/bin/../lib/gcc/arm-none-eabi/9.3.1/../../../../arm-none-eabi/lib/thumb/v7-m/nofp/crt0.o (exit)
/home/trex/gcc-arm-none-eabi-9-2020-q2-update/bin/../lib/gcc/arm-none-eabi/9.3.1/../../../../arm-none-eabi/lib/thumb/v7-m/nofp/libg_nano.a(lib_a-impure.o)
                              /home/trex/gcc-arm-none-eabi-9-2020-q2-update/bin/../lib/gcc/arm-none-eabi/9.3.1/../../../../arm-none-eabi/lib/thumb/v7-m/nofp/libg_nano.a(lib_a-exit.o) (_global_impure_ptr)
/home/trex/gcc-arm-none-eabi-9-2020-q2-update/bin/../lib/gcc/arm-none-eabi/9.3.1/../../../../arm-none-eabi/lib/thumb/v7-m/nofp/libg_nano.a(lib_a-init.o)
                              /home/trex/gcc-arm-none-eabi-9-2020-q2-update/bin/../lib/gcc/arm-none-eabi/9.3.1/../../../../arm-none-eabi/lib/thumb/v7-m/nofp/crt0.o (__libc_init_array)
/home/trex/gcc-arm-none-eabi-9-2020-q2-update/bin/../lib/gcc/arm-none-eabi/9.3.1/../../../../arm-none-eabi/lib/thumb/v7-m/nofp/libg_nano.a(lib_a-memset.o)
                              /home/trex/gcc-arm-none-eabi-9-2020-q2-update/bin/../lib/gcc/arm-none-eabi/9.3.1/../../../../arm-none-eabi/lib/thumb/v7-m/nofp/crt0.o (memset)
/home/trex/gcc-arm-none-eabi-9-2020-q2-update/bin/../lib/gcc/arm-none-eabi/9.3.1/../../../../arm-none-eabi/lib/thumb/v7-m/nofp/libnosys.a(_exit.o)
                              /home/trex/gcc-arm-none-eabi-9-2020-q2-update/bin/../lib/gcc/arm-none-eabi/9.3.1/../../../../arm-none-eabi/lib/thumb/v7-m/nofp/libg_nano.a(lib_a-exit.o) (_exit)

Allocating common symbols
Common symbol       size              file

is_pressed          0x1               main.o
GPIOB_CRH           0x4               main.o
msTicks             0x4               main.o
val1                0x1               main.o

Memory Configuration

Name             Origin             Length             Attributes
FLASH            0x0000000008000000 0x0000000000020000 xr
RAM              0x0000000020000000 0x0000000000005000 xrw
MEMORY_B1        0x0000000060000000 0x0000000000000000 xr
*default*        0x0000000000000000 0xffffffffffffffff

Linker script and memory map

LOAD /home/trex/gcc-arm-none-eabi-9-2020-q2-update/bin/../lib/gcc/arm-none-eabi/9.3.1/thumb/v7-m/nofp/crti.o
LOAD /home/trex/gcc-arm-none-eabi-9-2020-q2-update/bin/../lib/gcc/arm-none-eabi/9.3.1/thumb/v7-m/nofp/crtbegin.o
LOAD /home/trex/gcc-arm-none-eabi-9-2020-q2-update/bin/../lib/gcc/arm-none-eabi/9.3.1/../../../../arm-none-eabi/lib/thumb/v7-m/nofp/crt0.o
LOAD main.o
LOAD ./Drivers/stm32f10x_rcc.o
LOAD ./Drivers/misc.o
LOAD ./Drivers/stm32f10x_tim.o
LOAD ./Drivers/stm32f10x_gpio.o
LOAD ./Drivers/stm32f10x_exti.o
LOAD ./Build/system_stm32f10x.o
LOAD ./Build/startup_stm32f10x_md.o
START GROUP
LOAD /home/trex/gcc-arm-none-eabi-9-2020-q2-update/bin/../lib/gcc/arm-none-eabi/9.3.1/thumb/v7-m/nofp/libgcc.a
LOAD /home/trex/gcc-arm-none-eabi-9-2020-q2-update/bin/../lib/gcc/arm-none-eabi/9.3.1/../../../../arm-none-eabi/lib/thumb/v7-m/nofp/libg_nano.a
LOAD /home/trex/gcc-arm-none-eabi-9-2020-q2-update/bin/../lib/gcc/arm-none-eabi/9.3.1/../../../../arm-none-eabi/lib/thumb/v7-m/nofp/libc_nano.a
END GROUP
START GROUP
LOAD /home/trex/gcc-arm-none-eabi-9-2020-q2-update/bin/../lib/gcc/arm-none-eabi/9.3.1/thumb/v7-m/nofp/libgcc.a
LOAD /home/trex/gcc-arm-none-eabi-9-2020-q2-update/bin/../lib/gcc/arm-none-eabi/9.3.1/../../../../arm-none-eabi/lib/thumb/v7-m/nofp/libc_nano.a
LOAD /home/trex/gcc-arm-none-eabi-9-2020-q2-update/bin/../lib/gcc/arm-none-eabi/9.3.1/../../../../arm-none-eabi/lib/thumb/v7-m/nofp/libnosys.a
END GROUP
START GROUP
LOAD /home/trex/gcc-arm-none-eabi-9-2020-q2-update/bin/../lib/gcc/arm-none-eabi/9.3.1/thumb/v7-m/nofp/libgcc.a
LOAD /home/trex/gcc-arm-none-eabi-9-2020-q2-update/bin/../lib/gcc/arm-none-eabi/9.3.1/../../../../arm-none-eabi/lib/thumb/v7-m/nofp/libc_nano.a
LOAD /home/trex/gcc-arm-none-eabi-9-2020-q2-update/bin/../lib/gcc/arm-none-eabi/9.3.1/../../../../arm-none-eabi/lib/thumb/v7-m/nofp/libnosys.a
END GROUP
LOAD /home/trex/gcc-arm-none-eabi-9-2020-q2-update/bin/../lib/gcc/arm-none-eabi/9.3.1/thumb/v7-m/nofp/crtend.o
LOAD /home/trex/gcc-arm-none-eabi-9-2020-q2-update/bin/../lib/gcc/arm-none-eabi/9.3.1/thumb/v7-m/nofp/crtn.o
                0x0000000020005000                _estack = 0x20005000
                0x0000000000000000                _Min_Heap_Size = 0x0
                0x0000000000000100                _Min_Stack_Size = 0x100

.isr_vector     0x0000000008000000      0x10c
                0x0000000008000000                . = ALIGN (0x4)
 *(.isr_vector)
 .isr_vector    0x0000000008000000      0x10c ./Build/startup_stm32f10x_md.o
                0x0000000008000000                g_pfnVectors
                0x000000000800010c                . = ALIGN (0x4)

.text           0x000000000800010c     0x3bbc
                0x000000000800010c                . = ALIGN (0x4)
 *(.text)
 .text          0x000000000800010c        0x0 /home/trex/gcc-arm-none-eabi-9-2020-q2-update/bin/../lib/gcc/arm-none-eabi/9.3.1/thumb/v7-m/nofp/crti.o
 .text          0x000000000800010c       0x40 /home/trex/gcc-arm-none-eabi-9-2020-q2-update/bin/../lib/gcc/arm-none-eabi/9.3.1/thumb/v7-m/nofp/crtbegin.o
 .text          0x000000000800014c       0x7c /home/trex/gcc-arm-none-eabi-9-2020-q2-update/bin/../lib/gcc/arm-none-eabi/9.3.1/../../../../arm-none-eabi/lib/thumb/v7-m/nofp/crt0.o
                0x000000000800014c                _stack_init
                0x0000000008000154                _mainCRTStartup
                0x0000000008000154                _start
 .text          0x00000000080001c8      0x4f4 main.o
                0x0000000008000260                sevenSegmentConfig
                0x00000000080002a4                RCC_Configuration
                0x00000000080002da                lut
                0x0000000008000352                displayNum
                0x0000000008000384                SysTick_Handler
                0x00000000080003d0                pinConfig
                0x0000000008000400                EXTI9_Config
                0x0000000008000464                timerConfig
                0x00000000080004d0                TIM2_IRQHandler
                0x0000000008000548                EXTI9_5_IRQHandler
                0x00000000080005a8                main
                0x0000000008000694                NVIC_Configuration
 .text          0x00000000080006bc      0x7dc ./Drivers/stm32f10x_rcc.o
                0x00000000080006bc                RCC_DeInit
                0x0000000008000718                RCC_HSEConfig
                0x0000000008000774                RCC_WaitForHSEStartUp
                0x00000000080007c4                RCC_AdjustHSICalibrationValue
                0x0000000008000800                RCC_HSICmd
                0x0000000008000820                RCC_PLLConfig
                0x000000000800085c                RCC_PLLCmd
                0x000000000800087c                RCC_SYSCLKConfig
                0x00000000080008b4                RCC_GetSYSCLKSource
                0x00000000080008d0                RCC_HCLKConfig
                0x0000000008000908                RCC_PCLK1Config
                0x0000000008000940                RCC_PCLK2Config
                0x0000000008000978                RCC_ITConfig
                0x00000000080009c4                RCC_USBCLKConfig
                0x00000000080009e0                RCC_ADCCLKConfig
                0x0000000008000a18                RCC_LSEConfig
                0x0000000008000a58                RCC_LSICmd
                0x0000000008000a78                RCC_RTCCLKConfig
                0x0000000008000a9c                RCC_RTCCLKCmd
                0x0000000008000abc                RCC_GetClocksFreq
                0x0000000008000c28                RCC_AHBPeriphClockCmd
                0x0000000008000c64                RCC_APB2PeriphClockCmd
                0x0000000008000ca0                RCC_APB1PeriphClockCmd
                0x0000000008000cdc                RCC_APB2PeriphResetCmd
                0x0000000008000d18                RCC_APB1PeriphResetCmd
                0x0000000008000d54                RCC_BackupResetCmd
                0x0000000008000d74                RCC_ClockSecuritySystemCmd
                0x0000000008000d94                RCC_MCOConfig
                0x0000000008000db4                RCC_GetFlagStatus
                0x0000000008000e28                RCC_ClearFlag
                0x0000000008000e44                RCC_GetITStatus
                0x0000000008000e78                RCC_ClearITPendingBit
 .text          0x0000000008000e98      0x18c ./Drivers/misc.o
                0x0000000008000e98                NVIC_PriorityGroupConfig
                0x0000000008000ebc                NVIC_Init
                0x0000000008000f80                NVIC_SetVectorTable
                0x0000000008000fac                NVIC_SystemLPConfig
                0x0000000008000fec                SysTick_CLKSourceConfig
 .text          0x0000000008001024     0x1d94 ./Drivers/stm32f10x_tim.o
                0x0000000008001024                TIM_DeInit
                0x0000000008001250                TIM_TimeBaseInit
                0x0000000008001348                TIM_OC1Init
                0x0000000008001460                TIM_OC2Init
                0x0000000008001570                TIM_OC3Init
                0x000000000800167c                TIM_OC4Init
                0x000000000800174c                TIM_ICInit
                0x00000000080017f4                TIM_PWMIConfig
                0x00000000080018ac                TIM_BDTRConfig
                0x00000000080018fa                TIM_TimeBaseStructInit
                0x000000000800192c                TIM_OCStructInit
                0x000000000800196e                TIM_ICStructInit
                0x000000000800199e                TIM_BDTRStructInit
                0x00000000080019da                TIM_Cmd
                0x0000000008001a18                TIM_CtrlPWMOutputs
                0x0000000008001a62                TIM_ITConfig
                0x0000000008001aa8                TIM_GenerateEvent
                0x0000000008001ac4                TIM_DMAConfig
                0x0000000008001aec                TIM_DMACmd
                0x0000000008001b32                TIM_InternalClockConfig
                0x0000000008001b54                TIM_ITRxExternalClockConfig
                0x0000000008001b82                TIM_TIxExternalClockConfig
                0x0000000008001bde                TIM_ETRClockMode1Config
                0x0000000008001c3c                TIM_ETRClockMode2Config
                0x0000000008001c7a                TIM_ETRConfig
                0x0000000008001ccc                TIM_PrescalerConfig
                0x0000000008001cf2                TIM_CounterModeConfig
                0x0000000008001d28                TIM_SelectInputTrigger
                0x0000000008001d5e                TIM_EncoderInterfaceConfig
                0x0000000008001df4                TIM_ForcedOC1Config
                0x0000000008001e2a                TIM_ForcedOC2Config
                0x0000000008001e64                TIM_ForcedOC3Config
                0x0000000008001e9a                TIM_ForcedOC4Config
                0x0000000008001ed4                TIM_ARRPreloadConfig
                0x0000000008001f12                TIM_SelectCOM
                0x0000000008001f50                TIM_SelectCCDMA
                0x0000000008001f8e                TIM_CCPreloadControl
                0x0000000008001fcc                TIM_OC1PreloadConfig
                0x0000000008002002                TIM_OC2PreloadConfig
                0x000000000800203c                TIM_OC3PreloadConfig
                0x0000000008002072                TIM_OC4PreloadConfig
                0x00000000080020ac                TIM_OC1FastConfig
                0x00000000080020e2                TIM_OC2FastConfig
                0x000000000800211c                TIM_OC3FastConfig
                0x0000000008002152                TIM_OC4FastConfig
                0x000000000800218c                TIM_ClearOC1Ref
                0x00000000080021c2                TIM_ClearOC2Ref
                0x00000000080021fc                TIM_ClearOC3Ref
                0x0000000008002232                TIM_ClearOC4Ref
                0x000000000800226c                TIM_OC1PolarityConfig
                0x00000000080022a2                TIM_OC1NPolarityConfig
                0x00000000080022d8                TIM_OC2PolarityConfig
                0x0000000008002312                TIM_OC2NPolarityConfig
                0x000000000800234c                TIM_OC3PolarityConfig
                0x0000000008002386                TIM_OC3NPolarityConfig
                0x00000000080023c0                TIM_OC4PolarityConfig
                0x00000000080023fa                TIM_CCxCmd
                0x000000000800244e                TIM_CCxNCmd
                0x00000000080024a2                TIM_SelectOCxM
                0x0000000008002552                TIM_UpdateDisableConfig
                0x0000000008002590                TIM_UpdateRequestConfig
                0x00000000080025ce                TIM_SelectHallSensor
                0x000000000800260c                TIM_SelectOnePulseMode
                0x0000000008002642                TIM_SelectOutputTrigger
                0x0000000008002678                TIM_SelectSlaveMode
                0x00000000080026ae                TIM_SelectMasterSlaveMode
                0x00000000080026e4                TIM_SetCounter
                0x0000000008002700                TIM_SetAutoreload
                0x000000000800271c                TIM_SetCompare1
                0x0000000008002738                TIM_SetCompare2
                0x0000000008002754                TIM_SetCompare3
                0x0000000008002770                TIM_SetCompare4
                0x000000000800278e                TIM_SetIC1Prescaler
                0x00000000080027c4                TIM_SetIC2Prescaler
                0x00000000080027fe                TIM_SetIC3Prescaler
                0x0000000008002834                TIM_SetIC4Prescaler
                0x000000000800286e                TIM_SetClockDivision
                0x00000000080028a4                TIM_GetCapture1
                0x00000000080028bc                TIM_GetCapture2
                0x00000000080028d4                TIM_GetCapture3
                0x00000000080028ec                TIM_GetCapture4
                0x0000000008002906                TIM_GetCounter
                0x000000000800291e                TIM_GetPrescaler
                0x0000000008002936                TIM_GetFlagStatus
                0x000000000800296c                TIM_ClearFlag
                0x000000000800298c                TIM_GetITStatus
                0x00000000080029de                TIM_ClearITPendingBit
 .text          0x0000000008002db8      0x5d8 ./Drivers/stm32f10x_gpio.o
                0x0000000008002db8                GPIO_DeInit
                0x0000000008002e9c                GPIO_AFIODeInit
                0x0000000008002eb4                GPIO_Init
                0x000000000800302c                GPIO_StructInit
                0x0000000008003052                GPIO_ReadInputDataBit
                0x0000000008003084                GPIO_ReadInputData
                0x000000000800309c                GPIO_ReadOutputDataBit
                0x00000000080030ce                GPIO_ReadOutputData
                0x00000000080030e6                GPIO_SetBits
                0x0000000008003102                GPIO_ResetBits
                0x000000000800311e                GPIO_WriteBit
                0x000000000800314c                GPIO_Write
                0x0000000008003168                GPIO_PinLockConfig
                0x00000000080031aa                GPIO_EventOutputConfig
                0x00000000080031f4                GPIO_EventOutputCmd
                0x0000000008003214                GPIO_PinRemapConfig
                0x00000000080032f4                GPIO_EXTILineConfig
                0x0000000008003374                GPIO_ETH_MediaInterfaceConfig
 .text          0x0000000008003390      0x218 ./Drivers/stm32f10x_exti.o
                0x0000000008003390                EXTI_DeInit
                0x00000000080033c4                EXTI_Init
                0x00000000080034a8                EXTI_StructInit
                0x00000000080034d2                EXTI_GenerateSWInterrupt
                0x00000000080034f4                EXTI_GetFlagStatus
                0x0000000008003528                EXTI_ClearFlag
                0x0000000008003544                EXTI_GetITStatus
                0x000000000800358c                EXTI_ClearITPendingBit
 .text          0x00000000080035a8      0x258 ./Build/system_stm32f10x.o
                0x00000000080035a8                SystemInit
                0x0000000008003610                SystemCoreClockUpdate
 .text          0x0000000008003800       0x14 ./Build/startup_stm32f10x_md.o
 .text          0x0000000008003814      0x378 /home/trex/gcc-arm-none-eabi-9-2020-q2-update/bin/../lib/gcc/arm-none-eabi/9.3.1/thumb/v7-m/nofp/libgcc.a(_arm_addsubdf3.o)
                0x0000000008003814                __aeabi_drsub
                0x000000000800381c                __aeabi_dsub
                0x000000000800381c                __subdf3
                0x0000000008003820                __adddf3
                0x0000000008003820                __aeabi_dadd
                0x0000000008003a98                __aeabi_ui2d
                0x0000000008003a98                __floatunsidf
                0x0000000008003ab8                __floatsidf
                0x0000000008003ab8                __aeabi_i2d
                0x0000000008003adc                __extendsfdf2
                0x0000000008003adc                __aeabi_f2d
                0x0000000008003b20                __aeabi_ul2d
                0x0000000008003b20                __floatundidf
                0x0000000008003b30                __floatdidf
                0x0000000008003b30                __aeabi_l2d
 .text          0x0000000008003b8c       0x50 /home/trex/gcc-arm-none-eabi-9-2020-q2-update/bin/../lib/gcc/arm-none-eabi/9.3.1/thumb/v7-m/nofp/libgcc.a(_arm_fixdfsi.o)
                0x0000000008003b8c                __fixdfsi
                0x0000000008003b8c                __aeabi_d2iz
 .text          0x0000000008003bdc        0x0 /home/trex/gcc-arm-none-eabi-9-2020-q2-update/bin/../lib/gcc/arm-none-eabi/9.3.1/../../../../arm-none-eabi/lib/thumb/v7-m/nofp/libg_nano.a(lib_a-exit.o)
 .text          0x0000000008003bdc        0x0 /home/trex/gcc-arm-none-eabi-9-2020-q2-update/bin/../lib/gcc/arm-none-eabi/9.3.1/../../../../arm-none-eabi/lib/thumb/v7-m/nofp/libg_nano.a(lib_a-impure.o)
 .text          0x0000000008003bdc        0x0 /home/trex/gcc-arm-none-eabi-9-2020-q2-update/bin/../lib/gcc/arm-none-eabi/9.3.1/../../../../arm-none-eabi/lib/thumb/v7-m/nofp/libg_nano.a(lib_a-init.o)
 .text          0x0000000008003bdc        0x0 /home/trex/gcc-arm-none-eabi-9-2020-q2-update/bin/../lib/gcc/arm-none-eabi/9.3.1/../../../../arm-none-eabi/lib/thumb/v7-m/nofp/libg_nano.a(lib_a-memset.o)
 .text          0x0000000008003bdc        0x0 /home/trex/gcc-arm-none-eabi-9-2020-q2-update/bin/../lib/gcc/arm-none-eabi/9.3.1/../../../../arm-none-eabi/lib/thumb/v7-m/nofp/libnosys.a(_exit.o)
 .text          0x0000000008003bdc        0x0 /home/trex/gcc-arm-none-eabi-9-2020-q2-update/bin/../lib/gcc/arm-none-eabi/9.3.1/thumb/v7-m/nofp/crtend.o
 .text          0x0000000008003bdc        0x0 /home/trex/gcc-arm-none-eabi-9-2020-q2-update/bin/../lib/gcc/arm-none-eabi/9.3.1/thumb/v7-m/nofp/crtn.o
 *(.text*)
 .text.Reset_Handler
                0x0000000008003bdc       0x48 ./Build/startup_stm32f10x_md.o
                0x0000000008003bdc                Reset_Handler
 .text.Default_Handler
                0x0000000008003c24        0x2 ./Build/startup_stm32f10x_md.o
                0x0000000008003c24                EXTI2_IRQHandler
                0x0000000008003c24                DebugMon_Handler
                0x0000000008003c24                TIM1_CC_IRQHandler
                0x0000000008003c24                HardFault_Handler
                0x0000000008003c24                PVD_IRQHandler
                0x0000000008003c24                PendSV_Handler
                0x0000000008003c24                NMI_Handler
                0x0000000008003c24                EXTI3_IRQHandler
                0x0000000008003c24                EXTI0_IRQHandler
                0x0000000008003c24                I2C2_EV_IRQHandler
                0x0000000008003c24                UsageFault_Handler
                0x0000000008003c24                ADC1_2_IRQHandler
                0x0000000008003c24                SPI1_IRQHandler
                0x0000000008003c24                TAMPER_IRQHandler
                0x0000000008003c24                DMA1_Channel4_IRQHandler
                0x0000000008003c24                USART3_IRQHandler
                0x0000000008003c24                RTC_IRQHandler
                0x0000000008003c24                DMA1_Channel7_IRQHandler
                0x0000000008003c24                CAN1_RX1_IRQHandler
                0x0000000008003c24                TIM4_IRQHandler
                0x0000000008003c24                I2C1_EV_IRQHandler
                0x0000000008003c24                DMA1_Channel6_IRQHandler
                0x0000000008003c24                TIM3_IRQHandler
                0x0000000008003c24                RCC_IRQHandler
                0x0000000008003c24                TIM1_TRG_COM_IRQHandler
                0x0000000008003c24                DMA1_Channel1_IRQHandler
                0x0000000008003c24                Default_Handler
                0x0000000008003c24                EXTI15_10_IRQHandler
                0x0000000008003c24                SPI2_IRQHandler
                0x0000000008003c24                MemManage_Handler
                0x0000000008003c24                SVC_Handler
                0x0000000008003c24                DMA1_Channel5_IRQHandler
                0x0000000008003c24                EXTI4_IRQHandler
                0x0000000008003c24                USB_LP_CAN1_RX0_IRQHandler
                0x0000000008003c24                USB_HP_CAN1_TX_IRQHandler
                0x0000000008003c24                DMA1_Channel3_IRQHandler
                0x0000000008003c24                TIM1_UP_IRQHandler
                0x0000000008003c24                WWDG_IRQHandler
                0x0000000008003c24                TIM1_BRK_IRQHandler
                0x0000000008003c24                EXTI1_IRQHandler
                0x0000000008003c24                RTCAlarm_IRQHandler
                0x0000000008003c24                USART2_IRQHandler
                0x0000000008003c24                I2C2_ER_IRQHandler
                0x0000000008003c24                DMA1_Channel2_IRQHandler
                0x0000000008003c24                CAN1_SCE_IRQHandler
                0x0000000008003c24                FLASH_IRQHandler
                0x0000000008003c24                BusFault_Handler
                0x0000000008003c24                USART1_IRQHandler
                0x0000000008003c24                I2C1_ER_IRQHandler
                0x0000000008003c24                USBWakeUp_IRQHandler
 *fill*         0x0000000008003c26        0x2 
 .text.exit     0x0000000008003c28       0x28 /home/trex/gcc-arm-none-eabi-9-2020-q2-update/bin/../lib/gcc/arm-none-eabi/9.3.1/../../../../arm-none-eabi/lib/thumb/v7-m/nofp/libg_nano.a(lib_a-exit.o)
                0x0000000008003c28                exit
 .text.__libc_init_array
                0x0000000008003c50       0x48 /home/trex/gcc-arm-none-eabi-9-2020-q2-update/bin/../lib/gcc/arm-none-eabi/9.3.1/../../../../arm-none-eabi/lib/thumb/v7-m/nofp/libg_nano.a(lib_a-init.o)
                0x0000000008003c50                __libc_init_array
 .text.memset   0x0000000008003c98       0x10 /home/trex/gcc-arm-none-eabi-9-2020-q2-update/bin/../lib/gcc/arm-none-eabi/9.3.1/../../../../arm-none-eabi/lib/thumb/v7-m/nofp/libg_nano.a(lib_a-memset.o)
                0x0000000008003c98                memset
 .text._exit    0x0000000008003ca8        0x4 /home/trex/gcc-arm-none-eabi-9-2020-q2-update/bin/../lib/gcc/arm-none-eabi/9.3.1/../../../../arm-none-eabi/lib/thumb/v7-m/nofp/libnosys.a(_exit.o)
                0x0000000008003ca8                _exit
 *(.rodata)
 *(.rodata*)
 .rodata._global_impure_ptr
                0x0000000008003cac        0x4 /home/trex/gcc-arm-none-eabi-9-2020-q2-update/bin/../lib/gcc/arm-none-eabi/9.3.1/../../../../arm-none-eabi/lib/thumb/v7-m/nofp/libg_nano.a(lib_a-impure.o)
                0x0000000008003cac                _global_impure_ptr
 *(.glue_7)
 .glue_7        0x0000000008003cb0        0x0 linker stubs
 *(.glue_7t)
 .glue_7t       0x0000000008003cb0        0x0 linker stubs
 *(.init)
 .init          0x0000000008003cb0        0x4 /home/trex/gcc-arm-none-eabi-9-2020-q2-update/bin/../lib/gcc/arm-none-eabi/9.3.1/thumb/v7-m/nofp/crti.o
                0x0000000008003cb0                _init
 .init          0x0000000008003cb4        0x8 /home/trex/gcc-arm-none-eabi-9-2020-q2-update/bin/../lib/gcc/arm-none-eabi/9.3.1/thumb/v7-m/nofp/crtn.o
 *(.fini)
 .fini          0x0000000008003cbc        0x4 /home/trex/gcc-arm-none-eabi-9-2020-q2-update/bin/../lib/gcc/arm-none-eabi/9.3.1/thumb/v7-m/nofp/crti.o
                0x0000000008003cbc                _fini
 .fini          0x0000000008003cc0        0x8 /home/trex/gcc-arm-none-eabi-9-2020-q2-update/bin/../lib/gcc/arm-none-eabi/9.3.1/thumb/v7-m/nofp/crtn.o
                0x0000000008003cc8                . = ALIGN (0x4)
                0x0000000008003cc8                _etext = .

.vfp11_veneer   0x0000000008003cc8        0x0
 .vfp11_veneer  0x0000000008003cc8        0x0 linker stubs

.v4_bx          0x0000000008003cc8        0x0
 .v4_bx         0x0000000008003cc8        0x0 linker stubs

.iplt           0x0000000008003cc8        0x0
 .iplt          0x0000000008003cc8        0x0 /home/trex/gcc-arm-none-eabi-9-2020-q2-update/bin/../lib/gcc/arm-none-eabi/9.3.1/thumb/v7-m/nofp/crtbegin.o

.ARM.extab      0x0000000008003cc8        0x0
 *(.ARM.extab* .gnu.linkonce.armextab.*)
 .ARM.extab     0x0000000008003cc8        0x0 /home/trex/gcc-arm-none-eabi-9-2020-q2-update/bin/../lib/gcc/arm-none-eabi/9.3.1/../../../../arm-none-eabi/lib/thumb/v7-m/nofp/crt0.o

.eh_frame       0x0000000008003cc8        0x4
 .eh_frame      0x0000000008003cc8        0x0 /home/trex/gcc-arm-none-eabi-9-2020-q2-update/bin/../lib/gcc/arm-none-eabi/9.3.1/thumb/v7-m/nofp/crtbegin.o
 .eh_frame      0x0000000008003cc8        0x4 /home/trex/gcc-arm-none-eabi-9-2020-q2-update/bin/../lib/gcc/arm-none-eabi/9.3.1/thumb/v7-m/nofp/crtend.o

.ARM            0x0000000008003ccc        0x8
                0x0000000008003ccc                __exidx_start = .
 *(.ARM.exidx*)
 .ARM.exidx     0x0000000008003ccc        0x8 /home/trex/gcc-arm-none-eabi-9-2020-q2-update/bin/../lib/gcc/arm-none-eabi/9.3.1/../../../../arm-none-eabi/lib/thumb/v7-m/nofp/crt0.o
                                         0x10 (size before relaxing)
                0x0000000008003cd4                __exidx_end = .

.rel.dyn        0x0000000008003cd4        0x0
 .rel.iplt      0x0000000008003cd4        0x0 /home/trex/gcc-arm-none-eabi-9-2020-q2-update/bin/../lib/gcc/arm-none-eabi/9.3.1/thumb/v7-m/nofp/crtbegin.o

.ARM.attributes
                0x0000000008003cd4       0x29
 *(.ARM.attributes)
 .ARM.attributes
                0x0000000008003cd4       0x1d /home/trex/gcc-arm-none-eabi-9-2020-q2-update/bin/../lib/gcc/arm-none-eabi/9.3.1/thumb/v7-m/nofp/crti.o
 .ARM.attributes
                0x0000000008003cf1       0x2d /home/trex/gcc-arm-none-eabi-9-2020-q2-update/bin/../lib/gcc/arm-none-eabi/9.3.1/thumb/v7-m/nofp/crtbegin.o
 .ARM.attributes
                0x0000000008003d1e       0x1b /home/trex/gcc-arm-none-eabi-9-2020-q2-update/bin/../lib/gcc/arm-none-eabi/9.3.1/../../../../arm-none-eabi/lib/thumb/v7-m/nofp/crt0.o
 .ARM.attributes
                0x0000000008003d39       0x2d main.o
 .ARM.attributes
                0x0000000008003d66       0x2d ./Drivers/stm32f10x_rcc.o
 .ARM.attributes
                0x0000000008003d93       0x2d ./Drivers/misc.o
 .ARM.attributes
                0x0000000008003dc0       0x2d ./Drivers/stm32f10x_tim.o
 .ARM.attributes
                0x0000000008003ded       0x2d ./Drivers/stm32f10x_gpio.o
 .ARM.attributes
                0x0000000008003e1a       0x2d ./Drivers/stm32f10x_exti.o
 .ARM.attributes
                0x0000000008003e47       0x2d ./Build/system_stm32f10x.o
 .ARM.attributes
                0x0000000008003e74       0x21 ./Build/startup_stm32f10x_md.o
 .ARM.attributes
                0x0000000008003e95       0x1d /home/trex/gcc-arm-none-eabi-9-2020-q2-update/bin/../lib/gcc/arm-none-eabi/9.3.1/thumb/v7-m/nofp/libgcc.a(_arm_addsubdf3.o)
 .ARM.attributes
                0x0000000008003eb2       0x1d /home/trex/gcc-arm-none-eabi-9-2020-q2-update/bin/../lib/gcc/arm-none-eabi/9.3.1/thumb/v7-m/nofp/libgcc.a(_arm_fixdfsi.o)
 .ARM.attributes
                0x0000000008003ecf       0x2d /home/trex/gcc-arm-none-eabi-9-2020-q2-update/bin/../lib/gcc/arm-none-eabi/9.3.1/../../../../arm-none-eabi/lib/thumb/v7-m/nofp/libg_nano.a(lib_a-exit.o)
 .ARM.attributes
                0x0000000008003efc       0x2d /home/trex/gcc-arm-none-eabi-9-2020-q2-update/bin/../lib/gcc/arm-none-eabi/9.3.1/../../../../arm-none-eabi/lib/thumb/v7-m/nofp/libg_nano.a(lib_a-impure.o)
 .ARM.attributes
                0x0000000008003f29       0x2d /home/trex/gcc-arm-none-eabi-9-2020-q2-update/bin/../lib/gcc/arm-none-eabi/9.3.1/../../../../arm-none-eabi/lib/thumb/v7-m/nofp/libg_nano.a(lib_a-init.o)
 .ARM.attributes
                0x0000000008003f56       0x2d /home/trex/gcc-arm-none-eabi-9-2020-q2-update/bin/../lib/gcc/arm-none-eabi/9.3.1/../../../../arm-none-eabi/lib/thumb/v7-m/nofp/libg_nano.a(lib_a-memset.o)
 .ARM.attributes
                0x0000000008003f83       0x2d /home/trex/gcc-arm-none-eabi-9-2020-q2-update/bin/../lib/gcc/arm-none-eabi/9.3.1/../../../../arm-none-eabi/lib/thumb/v7-m/nofp/libnosys.a(_exit.o)
 .ARM.attributes
                0x0000000008003fb0       0x2d /home/trex/gcc-arm-none-eabi-9-2020-q2-update/bin/../lib/gcc/arm-none-eabi/9.3.1/thumb/v7-m/nofp/crtend.o
 .ARM.attributes
                0x0000000008003fdd       0x1d /home/trex/gcc-arm-none-eabi-9-2020-q2-update/bin/../lib/gcc/arm-none-eabi/9.3.1/thumb/v7-m/nofp/crtn.o

.preinit_array  0x0000000008003cd4        0x0
                0x0000000008003cd4                PROVIDE (__preinit_array_start = .)
 *(.preinit_array*)
                0x0000000008003cd4                PROVIDE (__preinit_array_end = .)

.init_array     0x0000000008003cd4        0x4
                0x0000000008003cd4                PROVIDE (__init_array_start = .)
 *(SORT_BY_NAME(.init_array.*))
 *(.init_array*)
 .init_array    0x0000000008003cd4        0x4 /home/trex/gcc-arm-none-eabi-9-2020-q2-update/bin/../lib/gcc/arm-none-eabi/9.3.1/thumb/v7-m/nofp/crtbegin.o
                0x0000000008003cd8                PROVIDE (__init_array_end = .)

.fini_array     0x0000000008003cd8        0x4
                [!provide]                        PROVIDE (__fini_array_start = .)
 *(.fini_array*)
 .fini_array    0x0000000008003cd8        0x4 /home/trex/gcc-arm-none-eabi-9-2020-q2-update/bin/../lib/gcc/arm-none-eabi/9.3.1/thumb/v7-m/nofp/crtbegin.o
 *(SORT_BY_NAME(.fini_array.*))
                [!provide]                        PROVIDE (__fini_array_end = .)
                0x0000000008003cdc                _sidata = .

.data           0x0000000020000000       0x98 load address 0x0000000008003cdc
                0x0000000020000000                . = ALIGN (0x4)
                0x0000000020000000                _sdata = .
 *(.data)
 .data          0x0000000020000000        0x0 /home/trex/gcc-arm-none-eabi-9-2020-q2-update/bin/../lib/gcc/arm-none-eabi/9.3.1/thumb/v7-m/nofp/crti.o
 .data          0x0000000020000000        0x4 /home/trex/gcc-arm-none-eabi-9-2020-q2-update/bin/../lib/gcc/arm-none-eabi/9.3.1/thumb/v7-m/nofp/crtbegin.o
                0x0000000020000000                __dso_handle
 .data          0x0000000020000004        0x0 /home/trex/gcc-arm-none-eabi-9-2020-q2-update/bin/../lib/gcc/arm-none-eabi/9.3.1/../../../../arm-none-eabi/lib/thumb/v7-m/nofp/crt0.o
 .data          0x0000000020000004        0x7 main.o
                0x0000000020000004                count
                0x0000000020000008                sysval1
                0x0000000020000009                ton
                0x000000002000000a                toff
 *fill*         0x000000002000000b        0x1 
 .data          0x000000002000000c       0x14 ./Drivers/stm32f10x_rcc.o
 .data          0x0000000020000020        0x0 ./Drivers/misc.o
 .data          0x0000000020000020        0x0 ./Drivers/stm32f10x_tim.o
 .data          0x0000000020000020        0x0 ./Drivers/stm32f10x_gpio.o
 .data          0x0000000020000020        0x0 ./Drivers/stm32f10x_exti.o
 .data          0x0000000020000020       0x14 ./Build/system_stm32f10x.o
                0x0000000020000020                SystemCoreClock
                0x0000000020000024                AHBPrescTable
 .data          0x0000000020000034        0x0 ./Build/startup_stm32f10x_md.o
 .data          0x0000000020000034        0x0 /home/trex/gcc-arm-none-eabi-9-2020-q2-update/bin/../lib/gcc/arm-none-eabi/9.3.1/thumb/v7-m/nofp/libgcc.a(_arm_addsubdf3.o)
 .data          0x0000000020000034        0x0 /home/trex/gcc-arm-none-eabi-9-2020-q2-update/bin/../lib/gcc/arm-none-eabi/9.3.1/thumb/v7-m/nofp/libgcc.a(_arm_fixdfsi.o)
 .data          0x0000000020000034        0x0 /home/trex/gcc-arm-none-eabi-9-2020-q2-update/bin/../lib/gcc/arm-none-eabi/9.3.1/../../../../arm-none-eabi/lib/thumb/v7-m/nofp/libg_nano.a(lib_a-exit.o)
 .data          0x0000000020000034        0x0 /home/trex/gcc-arm-none-eabi-9-2020-q2-update/bin/../lib/gcc/arm-none-eabi/9.3.1/../../../../arm-none-eabi/lib/thumb/v7-m/nofp/libg_nano.a(lib_a-impure.o)
 .data          0x0000000020000034        0x0 /home/trex/gcc-arm-none-eabi-9-2020-q2-update/bin/../lib/gcc/arm-none-eabi/9.3.1/../../../../arm-none-eabi/lib/thumb/v7-m/nofp/libg_nano.a(lib_a-init.o)
 .data          0x0000000020000034        0x0 /home/trex/gcc-arm-none-eabi-9-2020-q2-update/bin/../lib/gcc/arm-none-eabi/9.3.1/../../../../arm-none-eabi/lib/thumb/v7-m/nofp/libg_nano.a(lib_a-memset.o)
 .data          0x0000000020000034        0x0 /home/trex/gcc-arm-none-eabi-9-2020-q2-update/bin/../lib/gcc/arm-none-eabi/9.3.1/../../../../arm-none-eabi/lib/thumb/v7-m/nofp/libnosys.a(_exit.o)
 .data          0x0000000020000034        0x0 /home/trex/gcc-arm-none-eabi-9-2020-q2-update/bin/../lib/gcc/arm-none-eabi/9.3.1/thumb/v7-m/nofp/crtend.o
 .data          0x0000000020000034        0x0 /home/trex/gcc-arm-none-eabi-9-2020-q2-update/bin/../lib/gcc/arm-none-eabi/9.3.1/thumb/v7-m/nofp/crtn.o
 *(.data*)
 .data._impure_ptr
                0x0000000020000034        0x4 /home/trex/gcc-arm-none-eabi-9-2020-q2-update/bin/../lib/gcc/arm-none-eabi/9.3.1/../../../../arm-none-eabi/lib/thumb/v7-m/nofp/libg_nano.a(lib_a-impure.o)
                0x0000000020000034                _impure_ptr
 .data.impure_data
                0x0000000020000038       0x60 /home/trex/gcc-arm-none-eabi-9-2020-q2-update/bin/../lib/gcc/arm-none-eabi/9.3.1/../../../../arm-none-eabi/lib/thumb/v7-m/nofp/libg_nano.a(lib_a-impure.o)
                0x0000000020000098                . = ALIGN (0x4)
                0x0000000020000098                _edata = .

.igot.plt       0x0000000020000098        0x0 load address 0x0000000008003d74
 .igot.plt      0x0000000020000098        0x0 /home/trex/gcc-arm-none-eabi-9-2020-q2-update/bin/../lib/gcc/arm-none-eabi/9.3.1/thumb/v7-m/nofp/crtbegin.o
                0x0000000020000098                . = ALIGN (0x4)

.bss            0x0000000020000098       0x34 load address 0x0000000008003d74
                0x0000000020000098                _sbss = .
                0x0000000020000098                __bss_start__ = _sbss
 *(.bss)
 .bss           0x0000000020000098        0x0 /home/trex/gcc-arm-none-eabi-9-2020-q2-update/bin/../lib/gcc/arm-none-eabi/9.3.1/thumb/v7-m/nofp/crti.o
 .bss           0x0000000020000098       0x1c /home/trex/gcc-arm-none-eabi-9-2020-q2-update/bin/../lib/gcc/arm-none-eabi/9.3.1/thumb/v7-m/nofp/crtbegin.o
 .bss           0x00000000200000b4        0x0 /home/trex/gcc-arm-none-eabi-9-2020-q2-update/bin/../lib/gcc/arm-none-eabi/9.3.1/../../../../arm-none-eabi/lib/thumb/v7-m/nofp/crt0.o
 .bss           0x00000000200000b4        0x8 main.o
                0x00000000200000b4                sysval2
                0x00000000200000b8                som
 .bss           0x00000000200000bc        0x0 ./Drivers/stm32f10x_rcc.o
 .bss           0x00000000200000bc        0x0 ./Drivers/misc.o
 .bss           0x00000000200000bc        0x0 ./Drivers/stm32f10x_tim.o
 .bss           0x00000000200000bc        0x0 ./Drivers/stm32f10x_gpio.o
 .bss           0x00000000200000bc        0x0 ./Drivers/stm32f10x_exti.o
 .bss           0x00000000200000bc        0x0 ./Build/system_stm32f10x.o
 .bss           0x00000000200000bc        0x0 ./Build/startup_stm32f10x_md.o
 .bss           0x00000000200000bc        0x0 /home/trex/gcc-arm-none-eabi-9-2020-q2-update/bin/../lib/gcc/arm-none-eabi/9.3.1/thumb/v7-m/nofp/libgcc.a(_arm_addsubdf3.o)
 .bss           0x00000000200000bc        0x0 /home/trex/gcc-arm-none-eabi-9-2020-q2-update/bin/../lib/gcc/arm-none-eabi/9.3.1/thumb/v7-m/nofp/libgcc.a(_arm_fixdfsi.o)
 .bss           0x00000000200000bc        0x0 /home/trex/gcc-arm-none-eabi-9-2020-q2-update/bin/../lib/gcc/arm-none-eabi/9.3.1/../../../../arm-none-eabi/lib/thumb/v7-m/nofp/libg_nano.a(lib_a-exit.o)
 .bss           0x00000000200000bc        0x0 /home/trex/gcc-arm-none-eabi-9-2020-q2-update/bin/../lib/gcc/arm-none-eabi/9.3.1/../../../../arm-none-eabi/lib/thumb/v7-m/nofp/libg_nano.a(lib_a-impure.o)
 .bss           0x00000000200000bc        0x0 /home/trex/gcc-arm-none-eabi-9-2020-q2-update/bin/../lib/gcc/arm-none-eabi/9.3.1/../../../../arm-none-eabi/lib/thumb/v7-m/nofp/libg_nano.a(lib_a-init.o)
 .bss           0x00000000200000bc        0x0 /home/trex/gcc-arm-none-eabi-9-2020-q2-update/bin/../lib/gcc/arm-none-eabi/9.3.1/../../../../arm-none-eabi/lib/thumb/v7-m/nofp/libg_nano.a(lib_a-memset.o)
 .bss           0x00000000200000bc        0x0 /home/trex/gcc-arm-none-eabi-9-2020-q2-update/bin/../lib/gcc/arm-none-eabi/9.3.1/../../../../arm-none-eabi/lib/thumb/v7-m/nofp/libnosys.a(_exit.o)
 .bss           0x00000000200000bc        0x0 /home/trex/gcc-arm-none-eabi-9-2020-q2-update/bin/../lib/gcc/arm-none-eabi/9.3.1/thumb/v7-m/nofp/crtend.o
 .bss           0x00000000200000bc        0x0 /home/trex/gcc-arm-none-eabi-9-2020-q2-update/bin/../lib/gcc/arm-none-eabi/9.3.1/thumb/v7-m/nofp/crtn.o
 *(.bss*)
 *(COMMON)
 COMMON         0x00000000200000bc        0xd main.o
                0x00000000200000bc                is_pressed
                0x00000000200000c0                GPIOB_CRH
                0x00000000200000c4                msTicks
                0x00000000200000c8                val1
                0x00000000200000cc                . = ALIGN (0x4)
 *fill*         0x00000000200000c9        0x3 
                0x00000000200000cc                _ebss = .
                0x00000000200000cc                __bss_end__ = _ebss
                [!provide]                        PROVIDE (end = _ebss)
                [!provide]                        PROVIDE (_end = _ebss)

._user_heap_stack
                0x00000000200000cc      0x100 load address 0x0000000008003da8
                0x00000000200000cc                . = ALIGN (0x4)
                0x00000000200000cc                . = (. + _Min_Heap_Size)
                0x00000000200001cc                . = (. + _Min_Stack_Size)
 *fill*         0x00000000200000cc      0x100 
                0x00000000200001cc                . = ALIGN (0x4)

.memory_b1_text
 *(.mb1text)
 *(.mb1text*)
 *(.mb1rodata)
 *(.mb1rodata*)

/DISCARD/
 libc.a(*)
 libm.a(*)
 libgcc.a(*)
OUTPUT(final.elf elf32-littlearm)
LOAD linker stubs
LOAD /home/trex/gcc-arm-none-eabi-9-2020-q2-update/bin/../lib/gcc/arm-none-eabi/9.3.1/../../../../arm-none-eabi/lib/thumb/v7-m/nofp/libc.a
LOAD /home/trex/gcc-arm-none-eabi-9-2020-q2-update/bin/../lib/gcc/arm-none-eabi/9.3.1/../../../../arm-none-eabi/lib/thumb/v7-m/nofp/libm.a
LOAD /home/trex/gcc-arm-none-eabi-9-2020-q2-update/bin/../lib/gcc/arm-none-eabi/9.3.1/thumb/v7-m/nofp/libgcc.a

.debug_info     0x0000000000000000     0x51c2
 .debug_info    0x0000000000000000     0x1617 main.o
 .debug_info    0x0000000000001617      0x911 ./Drivers/stm32f10x_rcc.o
 .debug_info    0x0000000000001f28      0x52a ./Drivers/misc.o
 .debug_info    0x0000000000002452     0x1e06 ./Drivers/stm32f10x_tim.o
 .debug_info    0x0000000000004258      0x74c ./Drivers/stm32f10x_gpio.o
 .debug_info    0x00000000000049a4      0x375 ./Drivers/stm32f10x_exti.o
 .debug_info    0x0000000000004d19      0x487 ./Build/system_stm32f10x.o
 .debug_info    0x00000000000051a0       0x22 ./Build/startup_stm32f10x_md.o

.debug_abbrev   0x0000000000000000      0xeb5
 .debug_abbrev  0x0000000000000000      0x3b6 main.o
 .debug_abbrev  0x00000000000003b6      0x1f9 ./Drivers/stm32f10x_rcc.o
 .debug_abbrev  0x00000000000005af      0x1a7 ./Drivers/misc.o
 .debug_abbrev  0x0000000000000756      0x1ef ./Drivers/stm32f10x_tim.o
 .debug_abbrev  0x0000000000000945      0x20f ./Drivers/stm32f10x_gpio.o
 .debug_abbrev  0x0000000000000b54      0x18e ./Drivers/stm32f10x_exti.o
 .debug_abbrev  0x0000000000000ce2      0x1c1 ./Build/system_stm32f10x.o
 .debug_abbrev  0x0000000000000ea3       0x12 ./Build/startup_stm32f10x_md.o

.debug_aranges  0x0000000000000000      0x108
 .debug_aranges
                0x0000000000000000       0x20 main.o
 .debug_aranges
                0x0000000000000020       0x20 ./Drivers/stm32f10x_rcc.o
 .debug_aranges
                0x0000000000000040       0x20 ./Drivers/misc.o
 .debug_aranges
                0x0000000000000060       0x20 ./Drivers/stm32f10x_tim.o
 .debug_aranges
                0x0000000000000080       0x20 ./Drivers/stm32f10x_gpio.o
 .debug_aranges
                0x00000000000000a0       0x20 ./Drivers/stm32f10x_exti.o
 .debug_aranges
                0x00000000000000c0       0x20 ./Build/system_stm32f10x.o
 .debug_aranges
                0x00000000000000e0       0x28 ./Build/startup_stm32f10x_md.o

.debug_line     0x0000000000000000     0x24de
 .debug_line    0x0000000000000000      0x53d main.o
 .debug_line    0x000000000000053d      0x588 ./Drivers/stm32f10x_rcc.o
 .debug_line    0x0000000000000ac5      0x28f ./Drivers/misc.o
 .debug_line    0x0000000000000d54      0xc7b ./Drivers/stm32f10x_tim.o
 .debug_line    0x00000000000019cf      0x4bb ./Drivers/stm32f10x_gpio.o
 .debug_line    0x0000000000001e8a      0x30b ./Drivers/stm32f10x_exti.o
 .debug_line    0x0000000000002195      0x2d0 ./Build/system_stm32f10x.o
 .debug_line    0x0000000000002465       0x79 ./Build/startup_stm32f10x_md.o

.debug_str      0x0000000000000000     0x213f
 .debug_str     0x0000000000000000      0xe3f main.o
                                        0xed7 (size before relaxing)
 .debug_str     0x0000000000000e3f      0x443 ./Drivers/stm32f10x_rcc.o
                                        0x61e (size before relaxing)
 .debug_str     0x0000000000001282       0xe2 ./Drivers/misc.o
                                        0x3bc (size before relaxing)
 .debug_str     0x0000000000001364      0xa3b ./Drivers/stm32f10x_tim.o
                                        0xde1 (size before relaxing)
 .debug_str     0x0000000000001d9f      0x21f ./Drivers/stm32f10x_gpio.o
                                        0x51d (size before relaxing)
 .debug_str     0x0000000000001fbe       0xdc ./Drivers/stm32f10x_exti.o
                                        0x34d (size before relaxing)
 .debug_str     0x000000000000209a       0x7a ./Build/system_stm32f10x.o
                                        0x2d2 (size before relaxing)
 .debug_str     0x0000000000002114       0x2b ./Build/startup_stm32f10x_md.o
                                         0x52 (size before relaxing)

.comment        0x0000000000000000       0x4c
 .comment       0x0000000000000000       0x4c main.o
                                         0x4d (size before relaxing)
 .comment       0x000000000000004c       0x4d ./Drivers/stm32f10x_rcc.o
 .comment       0x000000000000004c       0x4d ./Drivers/misc.o
 .comment       0x000000000000004c       0x4d ./Drivers/stm32f10x_tim.o
 .comment       0x000000000000004c       0x4d ./Drivers/stm32f10x_gpio.o
 .comment       0x000000000000004c       0x4d ./Drivers/stm32f10x_exti.o
 .comment       0x000000000000004c       0x4d ./Build/system_stm32f10x.o

.debug_frame    0x0000000000000000     0x1c28
 .debug_frame   0x0000000000000000      0x21c main.o
 .debug_frame   0x000000000000021c      0x4f4 ./Drivers/stm32f10x_rcc.o
 .debug_frame   0x0000000000000710       0xd8 ./Drivers/misc.o
 .debug_frame   0x00000000000007e8      0xe2c ./Drivers/stm32f10x_tim.o
 .debug_frame   0x0000000000001614      0x2d0 ./Drivers/stm32f10x_gpio.o
 .debug_frame   0x00000000000018e4      0x148 ./Drivers/stm32f10x_exti.o
 .debug_frame   0x0000000000001a2c       0x98 ./Build/system_stm32f10x.o
 .debug_frame   0x0000000000001ac4       0xac /home/trex/gcc-arm-none-eabi-9-2020-q2-update/bin/../lib/gcc/arm-none-eabi/9.3.1/thumb/v7-m/nofp/libgcc.a(_arm_addsubdf3.o)
 .debug_frame   0x0000000000001b70       0x24 /home/trex/gcc-arm-none-eabi-9-2020-q2-update/bin/../lib/gcc/arm-none-eabi/9.3.1/thumb/v7-m/nofp/libgcc.a(_arm_fixdfsi.o)
 .debug_frame   0x0000000000001b94       0x28 /home/trex/gcc-arm-none-eabi-9-2020-q2-update/bin/../lib/gcc/arm-none-eabi/9.3.1/../../../../arm-none-eabi/lib/thumb/v7-m/nofp/libg_nano.a(lib_a-exit.o)
 .debug_frame   0x0000000000001bbc       0x2c /home/trex/gcc-arm-none-eabi-9-2020-q2-update/bin/../lib/gcc/arm-none-eabi/9.3.1/../../../../arm-none-eabi/lib/thumb/v7-m/nofp/libg_nano.a(lib_a-init.o)
 .debug_frame   0x0000000000001be8       0x20 /home/trex/gcc-arm-none-eabi-9-2020-q2-update/bin/../lib/gcc/arm-none-eabi/9.3.1/../../../../arm-none-eabi/lib/thumb/v7-m/nofp/libg_nano.a(lib_a-memset.o)
 .debug_frame   0x0000000000001c08       0x20 /home/trex/gcc-arm-none-eabi-9-2020-q2-update/bin/../lib/gcc/arm-none-eabi/9.3.1/../../../../arm-none-eabi/lib/thumb/v7-m/nofp/libnosys.a(_exit.o)

.debug_ranges   0x0000000000000000       0x20
 .debug_ranges  0x0000000000000000       0x20 ./Build/startup_stm32f10x_md.o
